../Core/Src/main.c:33:5:main	8	static
../Core/Src/main.c:50:6:HAL_GPIO_EXTI_Callback	16	static
../Core/Src/main.c:92:5:GetTime	8	static
../Core/Src/main.c:109:10:adc_scan	8	static
../Core/Src/main.c:123:6:displayNumber	64	static
../Core/Src/main.c:139:6:setDisplay	24	static
../Core/Src/main.c:164:6:SystemClock_Config	88	static
../Core/Src/main.c:212:13:MX_ADC1_Init	24	static
../Core/Src/main.c:264:13:MX_RTC_Init	32	static
../Core/Src/main.c:327:13:MX_GPIO_Init	48	static
../Core/Src/main.c:388:6:Error_Handler	4	static,ignoring_inline_asm
